--------------------------------------------------
Testing Order Management System
--------------------------------------------------
1. Creating Product...
Response: {"id":5,"name":"Laptop","price":1200.0,"description":"High-end gaming laptop"}
Created Product ID: 5
--------------------------------------------------
2. Creating User...
Response: {"id":5,"username":"john_doe","email":"john@example.com"}
Created User ID: 5
--------------------------------------------------
3. Creating Inventory...
Response: {"id":6,"productId":5,"quantity":100}
--------------------------------------------------
4. Creating Order...
Response: Order created successfully with ID: 5
--------------------------------------------------
Test Complete.
